// Jest Snapshot v1, https://goo.gl/fbAQLP

exports[`App App component matches the snapshot 1`] = `
<div
  className="ui container"
  style={
    Object {
      "marginTop": "10px",
    }
  }
>
  <div
    className="ui segment"
  >
    <form
      className="ui form"
      onSubmit={[Function]}
    >
      <div
        className="field"
      >
        <label>
          Image Search
        </label>
        <input
          onChange={[Function]}
          type="text"
          value=""
        />
      </div>
    </form>
  </div>
  <div
    className="image-list"
  />
</div>
`;
